{
    "jobId": "{id}",
    "timestamp": "{timeStamp}",
    "timeTook": "{timeTook}",
    "pipeline": "bool",
    "data": [
        {
            "nodeName": "trueFalse",
            "algorithmName": "eval-alg",
            "result": {
                "name": "hkube",
                "type": "type1",
                "prop": [
                    "prop1",
                    "prop2",
                    "prop3",
                    4,
                    7,
                    89.022,
                    -987
                ]
            }
        }
    ],
    "status": "completed",
    "storageModule": "@hkube/s3-adapter"
}