{
    "jobId":"{id}",
    "timestamp":"{timeStamp}",
    "pipeline":"evalwait",
    "data":
    [
        {
            "nodeName":"eval1",
            "batchIndex":1,
            "algorithmName":"eval-alg",
            "result":4
        },
        {
            "nodeName":"eval1",
            "batchIndex":2,
            "algorithmName":"eval-alg",
            "result":4
        },
        {
            "nodeName":"eval1",
            "batchIndex":3,
            "algorithmName":"eval-alg",
            "result":4
        },
        {
            "nodeName":"eval1",
            "batchIndex":4,
            "algorithmName":"eval-alg",
            "result":4
        },
        {
            "nodeName":"eval1",
            "batchIndex":5,
            "algorithmName":"eval-alg",
            "result":4
        },
        {
            "nodeName":"eval1",
            "batchIndex":6,
            "algorithmName":"eval-alg",
            "result":4
        },
        {
            "nodeName":"eval1",
            "batchIndex":7,
            "algorithmName":"eval-alg",
            "result":4
        },
        {
            "nodeName":"eval1",
            "batchIndex":8,
            "algorithmName":"eval-alg",
            "result":4
        },
        {
            "nodeName":"eval1",
            "batchIndex":9,
            "algorithmName":"eval-alg",
            "result":4
        },
        {
            "nodeName":"eval1",
            "batchIndex":10,
            "algorithmName":"eval-alg",
            "result":4
        },
        {
            "nodeName":"eval1",
            "batchIndex":11,
            "algorithmName":"eval-alg",
            "result":4
        },
        {
            "nodeName":"eval1",
            "batchIndex":12,
            "algorithmName":"eval-alg",
            "result":4
        },
        {
            "nodeName":"eval1",
            "batchIndex":13,
            "algorithmName":"eval-alg",
            "result":4
        },
        {
            "nodeName":"eval1",
            "batchIndex":14,
            "algorithmName":"eval-alg",
            "result":4
        },
        {
            "nodeName":"eval1",
            "batchIndex":15,
            "algorithmName":"eval-alg",
            "result":4
        },
        {
            "nodeName":"eval1",
            "batchIndex":16,
            "algorithmName":"eval-alg",
            "result":4
        },
        {
            "nodeName":"eval1",
            "batchIndex":17,
            "algorithmName":"eval-alg",
            "result":4
        },
        {
            "nodeName":"eval1",
            "batchIndex":18,
            "algorithmName":"eval-alg",
            "result":4
        },
        {
            "nodeName":"eval1",
            "batchIndex":19,
            "algorithmName":"eval-alg",
            "result":4
        },
        {
            "nodeName":"eval1",
            "batchIndex":20,
            "algorithmName":"eval-alg",
            "result":4
        }
    ],
    "status":"completed",
    "timeTook":"{timeTook}",
    "storageModule":"@hkube/s3-adapter"
}