{
    "jobId": "{id}",
    "timestamp": "{timeStamp}",
    "timeTook": "{timeTook}",
    "pipeline": "bool",
    "data": [
        {
            "nodeName": "trueFalse",
            "algorithmName": "eval-alg",
            "result": null
        }
    ],
    "status": "completed",
    "storageModule": "@hkube/s3-adapter"
}