{
    "jobId":"{id}",
    "timestamp":"{timeStamp}",
    "pipeline":"evalwait",
    "status":"failed",
    "error":"unable to run an empty batch for node eval1",
    "timeTook":"{timeTook}"
}