{
    "jobId": "{id}",
    "timestamp": "{timeStamp}",
    "pipeline": "evalwait",
    "data": [
      {
        "nodeName": "evalsleep",
        "batchIndex": 1,
        "algorithmName": "eval-alg",
        "result": 1
      }
    ],
    "status": "completed",
    "timeTook": "{timeTook}",
    "storageModule": "@hkube/s3-adapter"
  }