{
    "jobId": "{id}",
    "timestamp": "{timeStamp}",
    "timeTook": "{timeTook}",
    "pipeline": "stringReplace",
    "data": [
        {
            "nodeName": "replace",
            "algorithmName": "eval-alg",
            "result": "hello earth"
        }
    ],
    "status": "completed",
    "storageModule": "@hkube/s3-adapter"
}