{
    "jobId":"{id}",
    "timestamp":"{timeStamp}",
    "pipeline":"evalwait",
    "data":
    [
        {
            "nodeName":"evalsleep",
            "batchIndex":1,
            "algorithmName":"eval-alg",
            "result":4
        },
        {
            "nodeName":"evalsleep",
            "batchIndex":2,
            "algorithmName":"eval-alg",
            "result":4
        },
        {
            "nodeName":"evalsleep",
            "batchIndex":3,
            "algorithmName":"eval-alg",
            "result":4
        },
        {
            "nodeName":"evalsleep",
            "batchIndex":4,
            "algorithmName":"eval-alg",
            "result":4
        },
        {
            "nodeName":"evalsleep",
            "batchIndex":5,
            "algorithmName":"eval-alg",
            "result":4
        },
        {
            "nodeName":"evalsleep",
            "batchIndex":6,
            "algorithmName":"eval-alg",
            "result":4
        },
        {
            "nodeName":"evalsleep",
            "batchIndex":7,
            "algorithmName":"eval-alg",
            "result":4
        },
        {
            "nodeName":"evalsleep",
            "batchIndex":8,
            "algorithmName":"eval-alg",
            "result":4
        },
        {
            "nodeName":"evalsleep",
            "batchIndex":9,
            "algorithmName":"eval-alg",
            "result":4
        },
        {
            "nodeName":"evalsleep",
            "batchIndex":10,
            "algorithmName":"eval-alg",
            "result":4
        }
    ],
    "status":"completed",
    "timeTook":"{timeTook}",
    "storageModule":"@hkube/s3-adapter"
}