{
    "jobId": "{id}",
    "timestamp": "{timeStamp}",
    "timeTook": "{timeTook}",
    "pipeline": "addmult",
    "data": [
        {
            "nodeName": "evalmul",
            "algorithmName": "eval-alg",
            "result": "64.000"
        }
    ],
    "status": "completed",
    "storageModule": "@hkube/s3-adapter"
}