{
    "jobId":"{id}",
    "timestamp":"{timeStamp}",
    "pipeline":"addmult",
    "data":
    [
        {
            "nodeName":"evaladd",
            "algorithmName":"green-alg",
            "result":
            {
                "output":42
            }
        }
    ],
    "status":"completed",
    "timeTook":"{timeTook}",
    "storageModule":"@hkube/s3-adapter"
}