{
    "jobId":"{id}",
    "timestamp":"{timeStamp}",
    "timeTook":"{timeTook}",
    "pipeline":"bool",
    "data":
    {
        "result":
        [
            {
                "nodeName":"trueFalse",
                "algorithmName":"eval-alg",
                "result":true
            }
        ],
        "status":"completed",
        "storageModule":"@hkube/s3-adapter"
    }
}